Id,Label,timeset,int,long,double,boolean,string,intervallongmap,bigint
1,1,"<[1.0, 5.0]; [10.0, 10.5]; [11.0, 16.0]>",6,77,1,false,ab,"<[1.0, 2.0, 1]; [2.0, 3.0, 2]>",123456789123456789123456789123456789123456789123456789
2,,"<[1.0, 5.0]; [10.0, 10.5]; [11.0, 16.0]>",77,77,2,true,cd,"<[1.0, 2.0, 1234872492744446]>",2
3,,,,,,,,,
4,,,,,,,,,
5,5,"<[1.0, 5.0]; [10.0, 10.5]; [11.0, 16.0]>",88888,8889848888888888,4.6,true,ef,"<[-1.0, 5.0, 0]>",3