Source,Target,Type,Label,timeset,Weight
loja,postalecu911,Undirected,,,2